// Jest Snapshot v1, https://goo.gl/fbAQLP

exports[`matches snapshot 1`] = `
<div
  className="body-wrapper"
>
  <section
    className="your-movies"
  >
    <h2
      className="your-movies-header"
    >
      Your movies
    </h2>
    <table
      id="your-movies-table"
    >
      <tbody>
        <tr>
          <th>
            Name
          </th>
          <th>
            Genre
          </th>
          <th>
            Time
          </th>
          <th>
            Price
          </th>
          <th />
        </tr>
      </tbody>
    </table>
  </section>
</div>
`;
