// Jest Snapshot v1, https://goo.gl/fbAQLP

exports[`matches snapshot 1`] = `
<section
  className="profile"
>
  <h2
    className="profile-header"
  >
    Profile
  </h2>
  <div
    className="profile-content"
  >
    <div
      className="profile-info"
    >
      <div
        className="profile-picture"
      >
        <img
          alt="Default profile icon"
          src="default-icon.png"
        />
      </div>
      <div
        className="profile-text"
      >
        <p
          data-testid="profile-name"
        >
          <b>
            Name:
          </b>
           
          test
        </p>
        <p
          data-testid="profile-surname"
        >
          <b>
            Surname:
          </b>
           
          user
        </p>
        <p
          data-testid="profile-email"
        >
          <b>
            Email:
          </b>
           
          test@user
        </p>
      </div>
    </div>
    <div
      className="profile-buttons"
    >
      <button
        onClick={[Function]}
      >
        Reset password
      </button>
      <button
        onClick={[Function]}
      >
        Reset email
      </button>
    </div>
  </div>
</section>
`;
